 Plugin_AdvancedParticles

 Timestamp is 637d0181 (Tue Nov 22 18:06:09 2022)

 Preferred load address is 10000000

 Start         Length     Name                   Class
 0001:00000000 00015a67H .text                   CODE
 0001:00015a70 0000102aH .text$yc                CODE
 0002:00000000 00000104H .CRT$XCA                DATA
 0002:00000104 00000104H .CRT$XCU                DATA
 0002:00000208 00000104H .CRT$XCZ                DATA
 0002:0000030c 00000104H .CRT$XIA                DATA
 0002:00000410 00000104H .CRT$XIAA               DATA
 0002:00000514 00000104H .CRT$XIC                DATA
 0002:00000618 00000104H .CRT$XIZ                DATA
 0002:00000720 00001964H .rdata                  DATA
 0002:00002084 0000018eH .rdata$debug            DATA
 0002:00002220 00000104H .rdata$sxdata           DATA
 0002:00002324 00000104H .rtc$IAA                DATA
 0002:00002428 00000118H .rtc$IMZ                DATA
 0002:00002540 00000104H .rtc$IZZ                DATA
 0002:00002644 00000104H .rtc$TAA                DATA
 0002:00002748 00000118H .rtc$TMZ                DATA
 0002:00002860 00000104H .rtc$TZZ                DATA
 0002:00002968 000001c4H .xdata$x                DATA
 0002:00002b2c 00000000H .edata                  DATA
 0003:00000000 000004b4H .data                   DATA
 0003:000004b8 00032f0cH .bss                    DATA
 0004:00000000 0000003cH .idata$2                DATA
 0004:0000003c 00000014H .idata$3                DATA
 0004:00000050 000001bcH .idata$4                DATA
 0004:0000020c 000001bcH .idata$5                DATA
 0004:000003c8 0000058bH .idata$6                DATA
 0005:00000000 000001c0H .rsrc$01                DATA
 0005:000001c0 00000469H .rsrc$02                DATA

  Address         Publics by Value              Rva+Base       Lib:Object

 0000:00000000       __except_list              00000000     <absolute>
 0000:00000001       ___safe_se_handler_count   00000001     <absolute>
 0000:00009876       __fltused                  00009876     <absolute>
 0000:00009876       __ldused                   00009876     <absolute>
 0000:00000000       ___ImageBase               10000000     <linker-defined>
 0001:00000890       ?Parameter@Particle@@QAEMXZ 10001890 f   particle.obj
 0001:000008e0       ?ParticleLimitSpeed@Particle@@QAEXM@Z 100018e0 f   particle.obj
 0001:00000950       ?ParticleAnimate@Particle@@QAEXIIH@Z 10001950 f   particle.obj
 0001:00000a40       ?ParticleAbsPos@Particle@@QAE?AUVector3f@@XZ 10001a40 f   particle.obj
 0001:00000c00       ?ParticleAttach@Particle@@QAEXHH@Z 10001c00 f   particle.obj
 0001:00000dc0       ?ParticleDeattach@Particle@@QAEXXZ 10001dc0 f   particle.obj
 0001:00000e20       ?ParticleCollideWalls@Particle@@QAE_NM@Z 10001e20 f   particle.obj
 0001:00000f90       ?ParticleCollideFloors@Particle@@QAE_NMM_N@Z 10001f90 f   particle.obj
 0001:00001200       ?ParticleFollow@Particle@@QAE?AUVector3f@@ABU2@MM@Z 10002200 f   particle.obj
 0001:000012c0       ?ParticleHoming@Particle@@QAE_NPAUTr4ItemInfo@@HMM_N@Z 100022c0 f   particle.obj
 0001:000015e0       ?DrawParticle@Particle@@QAEXABUParticleGroup@@QAJJ@Z 100025e0 f   particle.obj
 0001:00002030       ?GetFreeParticle@ParticleFactory@@SAHXZ 10003030 f   particle.obj
 0001:00002820       ?fmod@@YAMMM@Z             10003820 f i particle.obj
 0001:00002850       _fmodf                     10003850 f i particle.obj
 0001:000028a0       ??0Vector3f@@QAE@XZ        100038a0 f i particle.obj
 0001:000028e0       ?cos@@YAMM@Z               100038e0 f i particle.obj
 0001:00002910       _cosf                      10003910 f i particle.obj
 0001:00002950       ?sin@@YAMM@Z               10003950 f i particle.obj
 0001:00002980       _sinf                      10003980 f i particle.obj
 0001:000029c0       ??0Vector3f@@QAE@MMM@Z     100039c0 f i particle.obj
 0001:00002a00       ?Round@@YAHM@Z             10003a00 f   utilities.obj
 0001:00002a50       ?Round@@YA?AUphd_vector@@ABUVector3f@@@Z 10003a50 f   utilities.obj
 0001:00002aa0       ?GetOrientDiff@@YAFFF@Z    10003aa0 f   utilities.obj
 0001:00002ac0       ?Lerp@@YAMMMM@Z            10003ac0 f   utilities.obj
 0001:00002b10       ?InverseLerp@@YAMMMM@Z     10003b10 f   utilities.obj
 0001:00002b60       ?SimpleDist@@YAMABUVector3f@@0@Z 10003b60 f   utilities.obj
 0001:00002c30       ?RealDist@@YAMABUVector3f@@0@Z 10003c30 f   utilities.obj
 0001:00002c70       ?RandomColor@@YA?AUColorRGB@@HHH@Z 10003c70 f   utilities.obj
 0001:00002d40       ?AddColors@@YA?AUColorRGB@@ABU1@0_N@Z 10003d40 f   utilities.obj
 0001:00002e30       ?HSLtoRGB@@YA?AUColorRGB@@MMM@Z 10003e30 f   utilities.obj
 0001:000030a0       ?TestCollisionSpheres@@YA_NABUVector3f@@PAUTr4ItemInfo@@K@Z 100040a0 f   utilities.obj
 0001:00003290       ?FindNearestTarget@@YAPAUTr4ItemInfo@@ABUVector3f@@QAFM@Z 10004290 f   utilities.obj
 0001:00003490       ?GetJointPos@@YA?AUVector3f@@PAUTr4ItemInfo@@HHHH@Z 10004490 f   utilities.obj
 0001:00003560       ?TestForWall@@YAHHHHPAF@Z  10004560 f   utilities.obj
 0001:00003630       ?GetSlopeNormal@@YA?AUVector3f@@PAUTr4FloorInfo@@HHH@Z 10004630 f   utilities.obj
 0001:00003a50       ??0phd_vector@@QAE@HHH@Z   10004a50 f i utilities.obj
 0001:00003a90       ?abs@@YAMM@Z               10004a90 f i utilities.obj
 0001:00003ac0       _fabsf                     10004ac0 f i utilities.obj
 0001:00003b00       ??0ColorRGB@@QAE@EEE@Z     10004b00 f i utilities.obj
 0001:00003b40       ??GVector3f@@QBE?AU0@XZ    10004b40 f   vector3f.obj
 0001:00003b90       ??HVector3f@@QBE?AU0@ABU0@@Z 10004b90 f   vector3f.obj
 0001:00003c10       ??YVector3f@@QAEAAU0@ABU0@@Z 10004c10 f   vector3f.obj
 0001:00003c60       ??GVector3f@@QBE?AU0@ABU0@@Z 10004c60 f   vector3f.obj
 0001:00003ce0       ??ZVector3f@@QAEAAU0@ABU0@@Z 10004ce0 f   vector3f.obj
 0001:00003d30       ??DVector3f@@QBE?AU0@M@Z   10004d30 f   vector3f.obj
 0001:00003da0       ??XVector3f@@QAEAAU0@M@Z   10004da0 f   vector3f.obj
 0001:00003df0       ?magnitude@Vector3f@@QBEMXZ 10004df0 f   vector3f.obj
 0001:00003e50       ?dot@Vector3f@@QBEMABU1@@Z 10004e50 f   vector3f.obj
 0001:00003ea0       ?normalized@Vector3f@@QBE?AU1@XZ 10004ea0 f   vector3f.obj
 0001:00003f30       ?cross@Vector3f@@QBE?AU1@ABU1@@Z 10004f30 f   vector3f.obj
 0001:00003fd0       ?lerp@Vector3f@@QBE?AU1@ABU1@M@Z 10004fd0 f   vector3f.obj
 0001:00004070       ?slerp@Vector3f@@QBE?AU1@ABU1@M@Z 10005070 f   vector3f.obj
 0001:000043c0       ?sqrt@@YAMM@Z              100053c0 f i vector3f.obj
 0001:000043f0       _sqrtf                     100053f0 f i vector3f.obj
 0001:00004430       ?acos@@YAMM@Z              10005430 f i vector3f.obj
 0001:00004460       _acosf                     10005460 f i vector3f.obj
 0001:000044a0       ??_H@YGXPAXIHP6EPAX0@Z@Z   100054a0 f i PlugIn_AdvancedParticles.obj
 0001:000044f0       ?Patch_UpdateParts@@YAHXZ  100054f0 f   PlugIn_AdvancedParticles.obj
 0001:00004510       ?Patch_DrawParts@@YAHXZ    10005510 f   PlugIn_AdvancedParticles.obj
 0001:00004530       ?CreateMyCodePatches@@YA_NXZ 10005530 f   PlugIn_AdvancedParticles.obj
 0001:00004580       ?Patch_00@@YAHXZ           10005580 f   PlugIn_AdvancedParticles.obj
 0001:000045a0       ?Patch_01@@YAHXZ           100055a0 f   PlugIn_AdvancedParticles.obj
 0001:000045c0       ?MainPatcher@@YAHXZ        100055c0 f   PlugIn_AdvancedParticles.obj
 0001:000045d0       ?CreateEffect@@YAXABUEffectBite@@H@Z 100055d0 f   PlugIn_AdvancedParticles.obj
 0001:000045e0       ?UpdateParticle@@YAXPAUParticle@@H@Z 100055e0 f   PlugIn_AdvancedParticles.obj
 0001:000045f0       ?UpdateParts@@YAXXZ        100055f0 f   PlugIn_AdvancedParticles.obj
 0001:000048a0       ?DrawParts@@YAXXZ          100058a0 f   PlugIn_AdvancedParticles.obj
 0001:00004ec0       ?cbInitProgram@@YAXHQAPAD@Z 10005ec0 f   PlugIn_AdvancedParticles.obj
 0001:00004ef0       ?cbInitGame@@YAXXZ         10005ef0 f   PlugIn_AdvancedParticles.obj
 0001:00004f00       ?cbInitLevel@@YAXHHK@Z     10005f00 f   PlugIn_AdvancedParticles.obj
 0001:00004f40       ?cbSaveMyData@@YAKPAPAEH@Z 10005f40 f   PlugIn_AdvancedParticles.obj
 0001:00005110       ?cbLoadMyData@@YAXPAEK@Z   10006110 f   PlugIn_AdvancedParticles.obj
 0001:00005230       ?FreeMemoryCustomize@@YAXXZ 10006230 f   PlugIn_AdvancedParticles.obj
 0001:000052b0       ?FreeMemoryParameters@@YAXXZ 100062b0 f   PlugIn_AdvancedParticles.obj
 0001:00005330       ?FreeLevelResources@@YAXXZ 10006330 f   PlugIn_AdvancedParticles.obj
 0001:00005350       ?cbInitLoadNewLevel@@YAXXZ 10006350 f   PlugIn_AdvancedParticles.obj
 0001:000053e0       ?cbFlipEffectMine@@YAHGGGG@Z 100063e0 f   PlugIn_AdvancedParticles.obj
 0001:00005460       ?cbActionMine@@YAHGHGG@Z   10006460 f   PlugIn_AdvancedParticles.obj
 0001:000054d0       ?cbConditionMine@@YAHGHGG@Z 100064d0 f   PlugIn_AdvancedParticles.obj
 0001:00005520       ?cbCustomizeMine@@YAXGHPAF@Z 10006520 f   PlugIn_AdvancedParticles.obj
 0001:000055e0       ?cbAssignSlotMine@@YAXGG@Z 100065e0 f   PlugIn_AdvancedParticles.obj
 0001:00005650       ?cbParametersMine@@YAXGHPAF@Z 10006650 f   PlugIn_AdvancedParticles.obj
 0001:00005710       ?cbCycleBegin@@YAXXZ       10006710 f   PlugIn_AdvancedParticles.obj
 0001:00005720       ?cbCycleEnd@@YAHXZ         10006720 f   PlugIn_AdvancedParticles.obj
 0001:00005730       ?PerformMyProgrAction@@YAXPAUStrProgressiveAction@@@Z 10006730 f   PlugIn_AdvancedParticles.obj
 0001:00005750       ?cbProgrActionMine@@YAXXZ  10006750 f   PlugIn_AdvancedParticles.obj
 0001:000057c0       ?cbInitObjects@@YAXXZ      100067c0 f   PlugIn_AdvancedParticles.obj
 0001:000057d0       ?RequireMyCallBacks@@YA_NXZ 100067d0 f   PlugIn_AdvancedParticles.obj
 0001:000059c0       ?InitializeAll@@YA_NXZ     100069c0 f   PlugIn_AdvancedParticles.obj
 0001:000059f0       ?ReleaseAll@@YAXXZ         100069f0 f   PlugIn_AdvancedParticles.obj
 0001:00005a10       _DllMain@12                10006a10 f   PlugIn_AdvancedParticles.obj
 0001:00005ff0       ??0Particle@@QAE@XZ        10006ff0 f i PlugIn_AdvancedParticles.obj
 0001:00006070       ??0ColorRGB@@QAE@XZ        10007070 f i PlugIn_AdvancedParticles.obj
 0001:000060b0       ?InitialiseEnums@@YAXXZ    100070b0 f   trng.obj
 0001:000097b0       ?Service@@YAHKZZ           1000a7b0 f   trng.obj
 0001:000097f0       ?CreateNewMoveable@@YAFGKHKH@Z 1000a7f0 f   trng.obj
 0001:00009820       ?DeleteNewMoveable@@YAXF@Z 1000a820 f   trng.obj
 0001:00009840       ?CreateAIObject@@YAHGKHKGHF@Z 1000a840 f   trng.obj
 0001:00009880       ?DeleteAIObject@@YAXGG_N@Z 1000a880 f   trng.obj
 0001:000098b0       ?DeleteParamCommand@@YAXHH@Z 1000a8b0 f   trng.obj
 0001:000098d0       ?DeleteTriggerGroup@@YAXH@Z 1000a8d0 f   trng.obj
 0001:000098f0       ?DeleteColorRgb@@YAXH@Z    1000a8f0 f   trng.obj
 0001:00009910       ?DeleteMultEnvCondition@@YAXH@Z 1000a910 f   trng.obj
 0001:00009930       ?DeleteTestPosition@@YAXH@Z 1000a930 f   trng.obj
 0001:00009950       ?DeleteAddEffect@@YAXH@Z   1000a950 f   trng.obj
 0001:00009970       ?DisableSaving@@YAXH@Z     1000a970 f   trng.obj
 0001:00009990       ?AbsDiff@@YAHKK@Z          1000a990 f   trng.obj
 0001:000099b0       ?AbsDiffY@@YAHHH@Z         1000a9b0 f   trng.obj
 0001:000099d0       ?AbsDiffO@@YAHFF@Z         1000a9d0 f   trng.obj
 0001:00009a60       ?SendToLog@@YA_NPADZZ      1000aa60 f   trng.obj
 0001:00009ad0       ?LogOnDebug@@YA_NPADZZ     1000aad0 f   trng.obj
 0001:00009b50       ?Float2Int@@YAHM@Z         1000ab50 f   trng.obj
 0001:00009bb0       ?GetDistanceXZY@@YAHKHKKHK@Z 1000abb0 f   trng.obj
 0001:00009c90       ?GetDistanceXZ@@YAHKKKK@Z  1000ac90 f   trng.obj
 0001:00009d50       ?GetMaxDistance@@YAHPAK0_N@Z 1000ad50 f   trng.obj
 0001:00009e30       ?ForceAnimationForItem@@YAXPAUStrItemTr4@@HH@Z 1000ae30 f   trng.obj
 0001:00009e60       ?PrintText@@YAXHHPADGHG@Z  1000ae60 f   trng.obj
 0001:00009e90       ?ForceAnimationForLara@@YAXHH@Z 1000ae90 f   trng.obj
 0001:00009f70       ?DistanceProp@@YAHHH@Z     1000af70 f   trng.obj
 0001:00009f90       ?FromNgleIndexToTomb4Index@@YAHH@Z 1000af90 f   trng.obj
 0001:00009fc0       ?FromStaticIndicesToNgleIndex@@YAHHH@Z 1000afc0 f   trng.obj
 0001:0000a050       ?CreateNgleStaticIndex@@YAHHH@Z 1000b050 f   trng.obj
 0001:0000a0a0       ?UpdateItemRoom@@YA_NH@Z   1000b0a0 f   trng.obj
 0001:0000a1b0       ?CheckPositionAlignment@@YA_NPAUStrTestPositionCmd@@H@Z 1000b1b0 f   trng.obj
 0001:0000a220       ?SignalMovedItem@@YAXH@Z   1000b220 f   trng.obj
 0001:0000a240       ?BackupLara@@YAXPAUStrBackupLara@@PAUStrItemTr4@@@Z 1000b240 f   trng.obj
 0001:0000a300       ?RestoreLara@@YAXPAUStrBackupLara@@PAUStrItemTr4@@@Z 1000b300 f   trng.obj
 0001:0000a3c0       ?StartMoveItem@@YA_NH@Z    1000b3c0 f   trng.obj
 0001:0000a3f0       ?EndMoveItem@@YAXH@Z       1000b3f0 f   trng.obj
 0001:0000a410       ?AlignLaraAtPosition@@YA_NPAUStrTestPositionCmd@@H@Z 1000b410 f   trng.obj
 0001:0000a780       ?ClearMemory@@YAXPAXK@Z    1000b780 f   trng.obj
 0001:0000a7a0       ?IsCollideWithMoveable@@YA_NHHH@Z 1000b7a0 f   trng.obj
 0001:0000aa50       ?FromNgleStaticIndexToTomb4Indices@@YA_NHPAH0@Z 1000ba50 f   trng.obj
 0001:0000aad0       ?IsCollidingWithSomeItem@@YA_NHKHKHHHHH@Z 1000bad0 f   trng.obj
 0001:0000abd0       ?IsCollideWithStatic@@YA_NHHHH@Z 1000bbd0 f   trng.obj
 0001:0000ae90       ?GetAlignedOrient@@YAFF_NPAH@Z 1000be90 f   trng.obj
 0001:0000b060       ?GetIncrements@@YAXGPAH0H@Z 1000c060 f   trng.obj
 0001:0000b130       ?PerformTriggerGroup@@YAHH@Z 1000c130 f   trng.obj
 0001:0000b150       ?GetCurrentFrame@@YAHPAUStrItemTr4@@@Z 1000c150 f   trng.obj
 0001:0000b190       ?SetCurrentFrame@@YAXPAUStrItemTr4@@H@Z 1000c190 f   trng.obj
 0001:0000b1d0       ?SetCamera@@YAXHHHH@Z      1000c1d0 f   trng.obj
 0001:0000b300       ?TestEnvCondition@@YA_NHHHHH@Z 1000c300 f   trng.obj
 0001:0000b480       ?IsGraySector@@YA_NPAX@Z   1000c480 f   trng.obj
 0001:0000b4b0       ?FindClimbStatus@@YAGPAG@Z 1000c4b0 f   trng.obj
 0001:0000b550       ?FindFloorType@@YA_NPAGG@Z 1000c550 f   trng.obj
 0001:0000b5d0       ?FormatText@@YAPADPADZZ    1000c5d0 f   trng.obj
 0001:0000b620       ?MyMessageBox@@YAXPAD0@Z   1000c620 f   trng.obj
 0001:0000b650       ?TryMessageBox@@YA_NPAD@Z  1000c650 f   trng.obj
 0001:0000b690       ?IsFullScreenMode@@YA_NXZ  1000c690 f   trng.obj
 0001:0000b6e0       ?ApplyCodePatch@@YAHKPAEH@Z 1000c6e0 f   trng.obj
 0001:0000b790       ?ApplyRelocatorPatch@@YAHKPAEHKK@Z 1000c790 f   trng.obj
 0001:0000b840       ?ApplyCallPatch@@YAHPAKHK@Z 1000c840 f   trng.obj
 0001:0000b8e0       ?ApplyParametricPatch@@YAHPAUStrParamPatch@@HH@Z 1000c8e0 f   trng.obj
 0001:0000b980       ?ApplyRestoreCodePatch@@YAHKK@Z 1000c980 f   trng.obj
 0001:0000ba30       ?SetReservedDataZone@@YA_NKK@Z 1000ca30 f   trng.obj
 0001:0000ba70       ?CompareTrngVersion@@YAHQAG@Z 1000ca70 f   trng.obj
 0001:0000bb10       ?FindSkipPhase@@YAKXZ      1000cb10 f   trng.obj
 0001:0000bcc0       ?FindPluginID@@YAHQAD@Z    1000ccc0 f   trng.obj
 0001:0000bd40       ?PerformExportedTrigger@@YA_NPADHHH@Z 1000cd40 f   trng.obj
 0001:0000bdc0       ?PerformFlipeffect@@YA_NPADHHH@Z 1000cdc0 f   trng.obj
 0001:0000be40       ?PerformActionTrigger@@YAXPADHHH@Z 1000ce40 f   trng.obj
 0001:0000bed0       ?PerformConditionTrigger@@YA_NPADHHH@Z 1000ced0 f   trng.obj
 0001:0000bf70       ?ReadDxInput@@YAKXZ        1000cf70 f   trng.obj
 0001:0000bf90       ?ReadInputBox@@YAHPAUHDC__@@PAUtagRECT@@QADKGH@Z 1000cf90 f   trng.obj
 0001:0000bfc0       ?SuspendAudioTrack@@YAXH_N@Z 1000cfc0 f   trng.obj
 0001:0000bfe0       ?ResumeAudioTrack@@YAXXZ   1000cfe0 f   trng.obj
 0001:0000c000       ?CreateWindowsFont@@YAPAUHFONT__@@PAUStrWindowsFont@@_N@Z 1000d000 f   trng.obj
 0001:0000c020       ?FreeWindowsFont@@YAXPAUStrWindowsFont@@@Z 1000d020 f   trng.obj
 0001:0000c040       ?CallFromTrng@@YAHXZ       1000d040 f   trng.obj
 0001:0000c050       ?GetTrngInfo@@YAXXZ        1000d050 f   trng.obj
 0001:0000c0d0       ?GetMemory@@YAPAXK@Z       1000d0d0 f   trng.obj
 0001:0000c110       ?ResizeMemory@@YAPAXPAXK@Z 1000d110 f   trng.obj
 0001:0000c150       ?AddNGToken@@YAXGKKPAXPAPAGPAH@Z 1000d150 f   trng.obj
 0001:0000c420       ?AddTokenFinalSequence@@YAXPAPAGPAH@Z 1000d420 f   trng.obj
 0001:0000c4d0       ?ParseNgField@@YA_NPAGKPAUStrParseNGField@@@Z 1000d4d0 f   trng.obj
 0001:0000c5c0       ?GetString@@YAPADH@Z       1000d5c0 f   trng.obj
 0001:0000c690       ?FromTomb4IndexToNgleIndex@@YAHH@Z 1000d690 f   trng.obj
 0001:0000c6e0       ?FileLenght@@YAJPAU_iobuf@@@Z 1000d6e0 f   trng.obj
 0001:0000c750       ?IsThereFile@@YA_NPAD@Z    1000d750 f   trng.obj
 0001:0000c820       ?FreeMemory@@YAXPAX@Z      1000d820 f   trng.obj
 0001:0000c850       ?GetCallBack@@YA_NHHGPAX@Z 1000d850 f   trng.obj
 0001:0000c890       ?LoadFile@@YAPAEPADPAK@Z   1000d890 f   trng.obj
 0001:0000c990       ?GetRoomOff@@YAPAXHK@Z     1000d990 f   trng.obj
 0001:0000c9e0       ?GetItemOff@@YAPAXHK@Z     1000d9e0 f   trng.obj
 0001:0000ca30       ?GetStaticOff@@YAPAXHHK@Z  1000da30 f   trng.obj
 0001:0000ca80       ?ConvNgleStaticIndex@@YAKG@Z 1000da80 f   trng.obj
 0001:0000cae0       ?SendErrorToDiskLog@@YAXPADK_N@Z 1000dae0 f   trng.obj
 0001:0000cb10       ?ConvertMicroUnits@@YAXPAUtagRECT@@@Z 1000db10 f   trng.obj
 0001:0000cb30       ?AllocateImage@@YA_NHPAUStrRecordImage@@HH@Z 1000db30 f   trng.obj
 0001:0000cb60       ?FreeImage@@YAXPAUStrRecordImage@@@Z 1000db60 f   trng.obj
 0001:0000cb80       ?AllocateTombHdc@@YA_NPAUStrShowImage@@_N1@Z 1000db80 f   trng.obj
 0001:0000cbb0       ?DrawSprite2D@@YAXPAUtagRECT@@GHEK@Z 1000dbb0 f   trng.obj
 0001:0000cbe0       ?DrawMesh3D@@YAXPAUStrPos3d@@H@Z 1000dbe0 f   trng.obj
 0001:0000cc00       ?DrawObject2D@@YAXGHHGGGH@Z 1000dc00 f   trng.obj
 0001:0000cc40       ?FreeTombHdc@@YAXPAUStrShowImage@@_N@Z 1000dc40 f   trng.obj
 0001:0000cc60       ?CheckControlGlobTomb4@@YA_NXZ 1000dc60 f   trng.obj
 0001:0000cca0       ?GetNewProgrAction@@YAPAUStrProgressiveAction@@XZ 1000dca0 f   trng.obj
 0001:0000cd70       ?GetColorRgb@@YAKFK_NPAD@Z 1000dd70 f   trng.obj
 0001:0000ce80       ?ConvertFromStrItemToItemIndex@@YAHPAUStrItemTr4@@@Z 1000de80 f   trng.obj
 0001:0000cee0       ?ReadNumVariable@@YAHH@Z   1000dee0 f   trng.obj
 0001:0000cf00       ?WriteNumVariable@@YAXHH@Z 1000df00 f   trng.obj
 0001:0000cf20       ?ReadTextVariable@@YAPADH@Z 1000df20 f   trng.obj
 0001:0000cf50       ?WriteTextVariable@@YAXHPAD@Z 1000df50 f   trng.obj
 0001:0000cf70       ?ReadMemVariable@@YAHH@Z   1000df70 f   trng.obj
 0001:0000cf90       ?WriteMemVariable@@YAXHH@Z 1000df90 f   trng.obj
 0001:0000cfb0       ?GetRelAnim@@YAHPAUStrItemTr4@@H@Z 1000dfb0 f   trng.obj
 0001:0000d000       ?GetAbsAnim@@YAHPAUStrItemTr4@@H@Z 1000e000 f   trng.obj
 0001:0000d050       ?ConvertTombRoomIndex2NgleIndex@@YAHH@Z 1000e050 f   trng.obj
 0001:0000d0a0       ?Convert@@YAHHHHPAX@Z      1000e0a0 f   trng.obj
 0001:0000d2f0       ?Get@@YA_NHHH@Z            1000e2f0 f   trng.obj
 0001:0000e990       ?Find@@YA_NHFFFHPAX@Z      1000f990 f   trng.obj
 0001:0000f920       ?DetectedGlobalTriggerEvent@@YA_NHH_N@Z 10010920 f   trng.obj
 0001:0000f960       ?GetDirection@@YAGKKKK@Z   10010960 f   trng.obj
 0001:0000f9c0       ?CheckDirection@@YA_NPAUStrItemTr4@@HHHFF@Z 100109c0 f   trng.obj
 0001:0000fd50       ?GetSlopeDirection@@YAFXZ  10010d50 f   trng.obj
 0001:0000fe10       ?CheckFloor@@YA_NKHKH@Z    10010e10 f   trng.obj
 0001:000128f0       ?pow@@YAMMH@Z              100138f0 f i trng.obj
 0001:00012920       ??$_Pow_int@M@@YAMMH@Z     10013920 f i trng.obj
 0001:000129c6       _MessageBoxA@16            100139c6 f   user32:USER32.dll
 0001:000129d0       __RTC_InitBase             100139d0 f   MSVCRTD:_init_.obj
 0001:00012a00       __RTC_Shutdown             10013a00 f   MSVCRTD:_init_.obj
 0001:00012a20       __RTC_CheckEsp             10013a20 f   MSVCRTD:_stack_.obj
 0001:00012a50       @_RTC_CheckStackVars@8     10013a50 f   MSVCRTD:_stack_.obj
 0001:00012ac0       @_RTC_AllocaHelper@12      10013ac0 f   MSVCRTD:_stack_.obj
 0001:00012b00       @_RTC_CheckStackVars2@12   10013b00 f   MSVCRTD:_stack_.obj
 0001:00012be0       __ftol2_sse                10013be0 f   MSVCRTD:ftol2.obj
 0001:00012be9       __ftol2_pentium4           10013be9 f   MSVCRTD:ftol2.obj
 0001:00012bfc       __ftol2_sse_excpt          10013bfc f   MSVCRTD:ftol2.obj
 0001:00012c16       __ftol2                    10013c16 f   MSVCRTD:ftol2.obj
 0001:00012c8c       _fmod                      10013c8c f   MSVCRTD:MSVCR100D.dll
 0001:00012c92       _cos                       10013c92 f   MSVCRTD:MSVCR100D.dll
 0001:00012c98       _sin                       10013c98 f   MSVCRTD:MSVCR100D.dll
 0001:00012ca0       @__security_check_cookie@4 10013ca0 f   MSVCRTD:secchk.obj
 0001:00012cb0       _fabs                      10013cb0 f   MSVCRTD:MSVCR100D.dll
 0001:00012cb6       _sqrt                      10013cb6 f   MSVCRTD:MSVCR100D.dll
 0001:00012cbc       _acos                      10013cbc f   MSVCRTD:MSVCR100D.dll
 0001:00012cc2       _memcpy                    10013cc2 f   MSVCRTD:MSVCR100D.dll
 0001:00012cc8       _abs                       10013cc8 f   MSVCRTD:MSVCR100D.dll
 0001:00012cce       _vsprintf                  10013cce f   MSVCRTD:MSVCR100D.dll
 0001:00012ce0       ?_RTC_Failure@@YAXPAXH@Z   10013ce0 f   MSVCRTD:_error_.obj
 0001:00013090       ?_RTC_StackFailure@@YAXPAXPBD@Z 10014090 f   MSVCRTD:_error_.obj
 0001:00013190       ?_RTC_AllocaFailure@@YAXPAXPAU_RTC_ALLOCA_NODE@@H@Z 10014190 f   MSVCRTD:_error_.obj
 0001:00013340       __RTC_UninitUse            10014340 f   MSVCRTD:_error_.obj
 0001:0001342a       _memset                    1001442a f   MSVCRTD:MSVCR100D.dll
 0001:00013430       _strcpy                    10014430 f   MSVCRTD:MSVCR100D.dll
 0001:00013436       _malloc                    10014436 f   MSVCRTD:MSVCR100D.dll
 0001:0001343c       _realloc                   1001443c f   MSVCRTD:MSVCR100D.dll
 0001:00013442       _ftell                     10014442 f   MSVCRTD:MSVCR100D.dll
 0001:00013448       _fseek                     10014448 f   MSVCRTD:MSVCR100D.dll
 0001:0001344e       __stat64i32                1001444e f   MSVCRTD:MSVCR100D.dll
 0001:00013454       _free                      10014454 f   MSVCRTD:MSVCR100D.dll
 0001:0001345a       _fread                     1001445a f   MSVCRTD:MSVCR100D.dll
 0001:00013460       _fclose                    10014460 f   MSVCRTD:MSVCR100D.dll
 0001:00013466       _fopen                     10014466 f   MSVCRTD:MSVCR100D.dll
 0001:000134f0       __CRT_INIT@12              100144f0 f   MSVCRTD:crtdll.obj
 0001:000137e0       _NtCurrentTeb              100147e0 f i MSVCRTD:crtdll.obj
 0001:000137f0       __DllMainCRTStartup@12     100147f0 f   MSVCRTD:crtdll.obj
 0001:000139f0       __RTC_NumErrors            100149f0 f   MSVCRTD:_userapi_.obj
 0001:00013a00       __RTC_GetErrDesc           10014a00 f   MSVCRTD:_userapi_.obj
 0001:00013a20       __RTC_SetErrorType         10014a20 f   MSVCRTD:_userapi_.obj
 0001:00013a50       __RTC_SetErrorFunc         10014a50 f   MSVCRTD:_userapi_.obj
 0001:00013a70       __RTC_SetErrorFuncW        10014a70 f   MSVCRTD:_userapi_.obj
 0001:00013a90       ?_RTC_GetErrorFunc@@YAP6AHHPBDH00ZZPBX@Z 10014a90 f   MSVCRTD:_userapi_.obj
 0001:00013aa0       ?_RTC_GetErrorFuncW@@YAP6AHHPB_WH00ZZPBX@Z 10014aa0 f   MSVCRTD:_userapi_.obj
 0001:00013aa6       __CRT_RTC_INITW            10014aa6 f   MSVCRTD:MSVCR100D.dll
 0001:00013ab0       ___sse2_available_init     10014ab0 f   MSVCRTD:cpu_disp.obj
 0001:00013ad0       ___report_gsfailure        10014ad0 f   MSVCRTD:gs_report.obj
 0001:00013be0       ?_RTC_GetSrcLine@@YAHPAEPA_WKPAH1K@Z 10014be0 f   MSVCRTD:_pdblkup_.obj
 0001:00014090       __except_handler4          10015090 f   MSVCRTD:chandler4gs.obj
 0001:000140c0       ___clean_type_info_names   100150c0 f   MSVCRTD:tncleanup.obj
 0001:000140e0       __onexit                   100150e0 f   MSVCRTD:atonexit.obj
 0001:000141e0       _atexit                    100151e0 f   MSVCRTD:atonexit.obj
 0001:00014200       __RTC_Initialize           10015200 f   MSVCRTD:_initsect_.obj
 0001:00014230       __RTC_Terminate            10015230 f   MSVCRTD:_initsect_.obj
 0001:00014256       __malloc_dbg               10015256 f   MSVCRTD:MSVCR100D.dll
 0001:0001425c       __free_dbg                 1001525c f   MSVCRTD:MSVCR100D.dll
 0001:00014262       __encoded_null             10015262 f   MSVCRTD:MSVCR100D.dll
 0001:00014268       __CrtSetCheckCount         10015268 f   MSVCRTD:MSVCR100D.dll
 0001:00014270       __ValidateImageBase        10015270 f   MSVCRTD:pesect.obj
 0001:000142d0       __FindPESection            100152d0 f   MSVCRTD:pesect.obj
 0001:00014350       __IsNonwritableInCurrentImage 10015350 f   MSVCRTD:pesect.obj
 0001:00014462       __initterm                 10015462 f   MSVCRTD:MSVCR100D.dll
 0001:00014468       __initterm_e               10015468 f   MSVCRTD:MSVCR100D.dll
 0001:0001446e       __amsg_exit                1001546e f   MSVCRTD:MSVCR100D.dll
 0001:00014480       ___security_init_cookie    10015480 f   MSVCRTD:gs_support.obj
 0001:00014560       ___CppXcptFilter           10015560 f   MSVCRTD:MSVCR100D.dll
 0001:00014566       __crt_debugger_hook        10015566 f   MSVCRTD:MSVCR100D.dll
 0001:0001456c       __except_handler4_common   1001556c f   MSVCRTD:MSVCR100D.dll
 0001:00014572       ___clean_type_info_names_internal 10015572 f   MSVCRTD:MSVCR100D.dll
 0001:00014578       __unlock                   10015578 f   MSVCRTD:MSVCR100D.dll
 0001:0001457e       ___dllonexit               1001557e f   MSVCRTD:MSVCR100D.dll
 0001:00014584       __lock                     10015584 f   MSVCRTD:MSVCR100D.dll
 0001:0001458a       _WideCharToMultiByte@32    1001558a f   kernel32:KERNEL32.dll
 0001:00014590       _IsDebuggerPresent@0       10015590 f   kernel32:KERNEL32.dll
 0001:00014596       _MultiByteToWideChar@24    10015596 f   kernel32:KERNEL32.dll
 0001:0001459c       _RaiseException@16         1001559c f   kernel32:KERNEL32.dll
 0001:000145a2       _lstrlenA@4                100155a2 f   kernel32:KERNEL32.dll
 0001:000145a8       _GetProcAddress@8          100155a8 f   kernel32:KERNEL32.dll
 0001:000145ae       _LoadLibraryW@4            100155ae f   kernel32:KERNEL32.dll
 0001:000145b4       _EncodePointer@4           100155b4 f   kernel32:KERNEL32.dll
 0001:000145ba       _DecodePointer@4           100155ba f   kernel32:KERNEL32.dll
 0001:000145c0       _InterlockedExchange@8     100155c0 f   kernel32:KERNEL32.dll
 0001:000145c6       _Sleep@4                   100155c6 f   kernel32:KERNEL32.dll
 0001:000145cc       _InterlockedCompareExchange@12 100155cc f   kernel32:KERNEL32.dll
 0001:000145d2       _IsProcessorFeaturePresent@4 100155d2 f   kernel32:KERNEL32.dll
 0001:000145d8       _TerminateProcess@8        100155d8 f   kernel32:KERNEL32.dll
 0001:000145de       _GetCurrentProcess@0       100155de f   kernel32:KERNEL32.dll
 0001:000145e4       _UnhandledExceptionFilter@4 100155e4 f   kernel32:KERNEL32.dll
 0001:000145ea       _SetUnhandledExceptionFilter@4 100155ea f   kernel32:KERNEL32.dll
 0001:000145f0       _HeapFree@12               100155f0 f   kernel32:KERNEL32.dll
 0001:000145f6       _HeapAlloc@12              100155f6 f   kernel32:KERNEL32.dll
 0001:000145fc       _GetProcessHeap@0          100155fc f   kernel32:KERNEL32.dll
 0001:00014602       _GetModuleFileNameW@12     10015602 f   kernel32:KERNEL32.dll
 0001:00014608       _VirtualQuery@12           10015608 f   kernel32:KERNEL32.dll
 0001:0001460e       _FreeLibrary@4             1001560e f   kernel32:KERNEL32.dll
 0001:00014614       _QueryPerformanceCounter@4 10015614 f   kernel32:KERNEL32.dll
 0001:0001461a       _GetTickCount@0            1001561a f   kernel32:KERNEL32.dll
 0001:00014620       _GetCurrentThreadId@0      10015620 f   kernel32:KERNEL32.dll
 0001:00014626       _GetCurrentProcessId@0     10015626 f   kernel32:KERNEL32.dll
 0001:0001462c       _GetSystemTimeAsFileTime@4 1001562c f   kernel32:KERNEL32.dll
 0001:00014632       __stricmp                  10015632 f   MSVCRTD:MSVCR100D.dll
 0002:00000000       ___xc_a                    10018000     MSVCRTD:cinitexe.obj
 0002:00000208       ___xc_z                    10018208     MSVCRTD:cinitexe.obj
 0002:0000030c       ___xi_a                    1001830c     MSVCRTD:cinitexe.obj
 0002:00000618       ___xi_z                    10018618     MSVCRTD:cinitexe.obj
 0002:0000073c       __real@3f800000            1001873c     particle.obj
 0002:00000740       __real@00000000            10018740     particle.obj
 0002:00000748       __real@0000000000000000    10018748     particle.obj
 0002:00000754       __real@40000000            10018754     particle.obj
 0002:00000758       __real@40e0000000000000    10018758     particle.obj
 0002:00000768       __real@400921fb60000000    10018768     particle.obj
 0002:00000778       __real@3fe0000000000000    10018778     utilities.obj
 0002:00000788       __real@3ff0000000000000    10018788     utilities.obj
 0002:00000798       __real@406fe00000000000    10018798     utilities.obj
 0002:000007a8       __real@4000000000000000    100187a8     utilities.obj
 0002:000007b8       __real@404e000000000000    100187b8     utilities.obj
 0002:000007c4       __real@43b40000            100187c4     utilities.obj
 0002:000007c8       __real@c0800000            100187c8     utilities.obj
 0002:000007cc       __real@bf800000            100187cc     utilities.obj
 0002:00000960       __real@3fa0000000000000    10018960     PlugIn_AdvancedParticles.obj
 0002:00001580       ??_C@_0BO@GNIAFIKK@Unknown?5Runtime?5Check?5Error?6?$AN?$AA@ 10019580     MSVCRTD:_error_.obj
 0002:000015a0       ??_C@_0CM@NGINOKPC@Stack?5memory?5around?5_alloca?5was?5@ 100195a0     MSVCRTD:_error_.obj
 0002:000015cc       ??_C@_0DG@HKJMLLLP@A?5local?5variable?5was?5used?5before@ 100195cc     MSVCRTD:_error_.obj
 0002:00001604       ??_C@_0BN@FFOINMNJ@Stack?5memory?5was?5corrupted?6?$AN?$AA@ 10019604     MSVCRTD:_error_.obj
 0002:00001628       ??_C@_0BBN@GPMLNJCF@A?5cast?5to?5a?5smaller?5data?5type?5ha@ 10019628     MSVCRTD:_error_.obj
 0002:00001748       ??_C@_0NN@NGPKDKPD@The?5value?5of?5ESP?5was?5not?5properl@ 10019748     MSVCRTD:_error_.obj
 0002:000018c4       ??_C@_0CA@IODNCDPG@Run?9Time?5Check?5Failure?5?$CD?$CFd?5?9?5?$CFs?$AA@ 100198c4     MSVCRTD:_error_.obj
 0002:000018e4       ??_C@_0BE@GNBOBNCK@Unknown?5Module?5Name?$AA@ 100198e4     MSVCRTD:_error_.obj
 0002:000018f8       ??_C@_0BB@PFFGGCJP@Unknown?5Filename?$AA@ 100198f8     MSVCRTD:_error_.obj
 0002:00001910       ??_C@_1EA@NFKNIFJP@?$AAR?$AAu?$AAn?$AA?9?$AAT?$AAi?$AAm?$AAe?$AA?5?$AAC?$AAh?$AAe?$AAc?$AAk?$AA?5?$AAF?$AAa?$AAi?$AAl?$AAu?$AAr?$AAe?$AA?5?$AA?$CD?$AA?$CF?$AAd?$AA?5?$AA?9?$AA?5?$AA?$CF?$AAs?$AA?$AA@ 10019910     MSVCRTD:_error_.obj
 0002:00001950       ??_C@_1GM@OLMCBDMB@?$AAR?$AAu?$AAn?$AAt?$AAi?$AAm?$AAe?$AA?5?$AAC?$AAh?$AAe?$AAc?$AAk?$AA?5?$AAE?$AAr?$AAr?$AAo?$AAr?$AA?4?$AA?6?$AA?$AN?$AA?5?$AAU?$AAn?$AAa?$AAb?$AAl?$AAe?$AA?5?$AAt?$AAo@ 10019950     MSVCRTD:_error_.obj
 0002:000019bc       ??_C@_0CG@IAFNJNEE@Stack?5corrupted?5near?5unknown?5var@ 100199bc     MSVCRTD:_error_.obj
 0002:000019e8       ??_C@_0EJ@LJKNEOLN@Stack?5area?5around?5_alloca?5memory@ 100199e8     MSVCRTD:_error_.obj
 0002:00001a34       ??_C@_08KJEDNCKC@?$CFs?$CFs?$CFs?$CFs?$AA@ 10019a34     MSVCRTD:_error_.obj
 0002:00001a40       ??_C@_02LLMPMKNF@?$DO?5?$AA@ 10019a40     MSVCRTD:_error_.obj
 0002:00001a44       ??_C@_01EEMJAFIK@?6?$AA@   10019a44     MSVCRTD:_error_.obj
 0002:00001a48       ??_C@_0BC@KIBAILCI@?$CFs?$CFs?$CFp?$CFs?$CFld?$CFs?$CFd?$CFs?$AA@ 10019a48     MSVCRTD:_error_.obj
 0002:00001a60       ??_C@_0EI@CLEPFNGI@Stack?5area?5around?5_alloca?5memory@ 10019a60     MSVCRTD:_error_.obj
 0002:00001aa8       ??_C@_0N@MHFFIMFG@?6Address?3?50x?$AA@ 10019aa8     MSVCRTD:_error_.obj
 0002:00001ab8       ??_C@_07DFDJCKFN@?6Size?3?5?$AA@ 10019ab8     MSVCRTD:_error_.obj
 0002:00001ac0       ??_C@_0CK@DKGBICFE@?6Allocation?5number?5within?5this?5f@ 10019ac0     MSVCRTD:_error_.obj
 0002:00001aec       ??_C@_08OMAHNMHJ@?6Data?3?5?$DM?$AA@ 10019aec     MSVCRTD:_error_.obj
 0002:00001af8       ??_C@_09FOPFMPEJ@wsprintfA?$AA@ 10019af8     MSVCRTD:_error_.obj
 0002:00001b04       ??_C@_1BG@OILDLIOJ@?$AAu?$AAs?$AAe?$AAr?$AA3?$AA2?$AA?4?$AAd?$AAl?$AAl?$AA?$AA@ 10019b04     MSVCRTD:_error_.obj
 0002:00001b1c       ??_C@_05MKKEDADM@?$CF?42X?5?$AA@ 10019b1c     MSVCRTD:_error_.obj
 0002:00001b24       ??_C@_0DE@OHJBPMBP@A?5variable?5is?5being?5used?5without@ 10019b24     MSVCRTD:_error_.obj
 0002:00001b58       __pRawDllMain              10019b58     MSVCRTD:crtdll.obj
 0002:00001b58       __pDefaultRawDllMain       10019b58     MSVCRTD:crtdll.obj
 0002:00001b5c       ??_C@_0DA@FJPPCPEH@f?3?2dd?2vctools?2crt_bld?2self_x86?2c@ 10019b5c     MSVCRTD:crtdll.obj
 0002:00001b8c       ??_C@_0BP@OGBCLIBO@Stack?5around?5_alloca?5corrupted?$AA@ 10019b8c     MSVCRTD:_userapi_.obj
 0002:00001bac       ??_C@_0CK@CNLNOEPB@Local?5variable?5used?5before?5initi@ 10019bac     MSVCRTD:_userapi_.obj
 0002:00001bd8       ??_C@_0BI@CIGMDCBH@Stack?5memory?5corruption?$AA@ 10019bd8     MSVCRTD:_userapi_.obj
 0002:00001bf0       ??_C@_0CK@FEGOIOPB@Cast?5to?5smaller?5type?5causing?5los@ 10019bf0     MSVCRTD:_userapi_.obj
 0002:00001c1c       ??_C@_0BJ@HEGAHDFO@Stack?5pointer?5corruption?$AA@ 10019c1c     MSVCRTD:_userapi_.obj
 0002:00001c70       ??_C@_01KDCPPGHE@r?$AA@    10019c70     MSVCRTD:_pdblkup_.obj
 0002:00001c74       ??_C@_0BB@KCIACLNC@PDBOpenValidate5?$AA@ 10019c74     MSVCRTD:_pdblkup_.obj
 0002:00001c88       ??_C@_1CK@HHHCOJPD@?$AAE?$AAn?$AAv?$AAi?$AAr?$AAo?$AAn?$AAm?$AAe?$AAn?$AAt?$AAD?$AAi?$AAr?$AAe?$AAc?$AAt?$AAo?$AAr?$AAy?$AA?$AA@ 10019c88     MSVCRTD:_pdblkup_.obj
 0002:00001cb8       ??_C@_1FM@DNCABAP@?$AAS?$AAO?$AAF?$AAT?$AAW?$AAA?$AAR?$AAE?$AA?2?$AAM?$AAi?$AAc?$AAr?$AAo?$AAs?$AAo?$AAf?$AAt?$AA?2?$AAV?$AAi?$AAs?$AAu?$AAa?$AAl?$AAS?$AAt?$AAu?$AAd?$AAi?$AAo?$AA?2@ 10019cb8     MSVCRTD:_pdblkup_.obj
 0002:00001d14       ??_C@_0M@HLOHPNFA@RegCloseKey?$AA@ 10019d14     MSVCRTD:_pdblkup_.obj
 0002:00001d20       ??_C@_0BB@GLNAEDBD@RegQueryValueExW?$AA@ 10019d20     MSVCRTD:_pdblkup_.obj
 0002:00001d34       ??_C@_0O@COHOBMLB@RegOpenKeyExW?$AA@ 10019d34     MSVCRTD:_pdblkup_.obj
 0002:00001d44       ??_C@_1BK@GAEMIDIL@?$AAA?$AAD?$AAV?$AAA?$AAP?$AAI?$AA3?$AA2?$AA?4?$AAD?$AAL?$AAL?$AA?$AA@ 10019d44     MSVCRTD:_pdblkup_.obj
 0002:00001d60       ?ProcessDetach@NativeDll@<CrtImplementationDetails>@@0IB 10019d60     MSVCRTD:tncleanup.obj
 0002:00001d64       ?ProcessAttach@NativeDll@<CrtImplementationDetails>@@0IB 10019d64     MSVCRTD:tncleanup.obj
 0002:00001d68       ?ThreadAttach@NativeDll@<CrtImplementationDetails>@@0IB 10019d68     MSVCRTD:tncleanup.obj
 0002:00001d6c       ?ThreadDetach@NativeDll@<CrtImplementationDetails>@@0IB 10019d6c     MSVCRTD:tncleanup.obj
 0002:00001d70       ?ProcessVerifier@NativeDll@<CrtImplementationDetails>@@0IB 10019d70     MSVCRTD:tncleanup.obj
 0002:00001d78       __load_config_used         10019d78     MSVCRTD:loadcfg.obj
 0002:00002220       ___safe_se_handler_table   1001a220     <linker-defined>
 0002:00002324       ___rtc_iaa                 1001a324     MSVCRTD:_initsect_.obj
 0002:00002540       ___rtc_izz                 1001a540     MSVCRTD:_initsect_.obj
 0002:00002644       ___rtc_taa                 1001a644     MSVCRTD:_initsect_.obj
 0002:00002860       ___rtc_tzz                 1001a860     MSVCRTD:_initsect_.obj
 0003:00000000       ?TriggerLightningGlow@@3P6AXKHKK@ZA 1001b000     DefTomb4Funct.obj
 0003:00000004       ?TriggerFlareSparks@@3P6AXHHHHHHKK@ZA 1001b004     DefTomb4Funct.obj
 0003:00000008       ?RemoveActiveItem@@3P6AXF@ZA 1001b008     DefTomb4Funct.obj
 0003:0000000c       ?ItemNearLara@@3P6A_NPAXH@ZA 1001b00c     DefTomb4Funct.obj
 0003:00000010       ?TriggerSuperJetFlame@@3P6AXPAUStrItemTr4@@HH@ZA 1001b010     DefTomb4Funct.obj
 0003:00000014       ?StopSoundEffect@@3P6AXF@ZA 1001b014     DefTomb4Funct.obj
 0003:00000018       ?LaraTorch@@3P6AXPAUStrMovePosition@@0GH@ZA 1001b018     DefTomb4Funct.obj
 0003:0000001c       ?TriggerDynamic@@3P6AXHHHHEEE@ZA 1001b01c     DefTomb4Funct.obj
 0003:00000020       ?have_i_got_object@@3P6A_NH@ZA 1001b020     DefTomb4Funct.obj
 0003:00000024       ?SOUND_EndScene@@3P6AXXZA  1001b024     DefTomb4Funct.obj
 0003:00000028       ?IsComandoPremuto@@3P6A_NH@ZA 1001b028     DefTomb4Funct.obj
 0003:0000002c       ?S_DumpScreen@@3P6AXXZA    1001b02c     DefTomb4Funct.obj
 0003:00000030       ?CreateMonoScreen@@3P6AXXZA 1001b030     DefTomb4Funct.obj
 0003:00000034       ?FreeMonoScreen@@3P6AXXZA  1001b034     DefTomb4Funct.obj
 0003:00000038       ?TIME_Init@@3P6AXXZA       1001b038     DefTomb4Funct.obj
 0003:0000003c       ?SetD3DViewMatrix@@3P6AXXZA 1001b03c     DefTomb4Funct.obj
 0003:00000040       ?IsRoomOutside@@3P6AXKHK@ZA 1001b040     DefTomb4Funct.obj
 0003:00000044       ?UpdateLaraRoom@@3P6AXPAUStrItemTr4@@H@ZA 1001b044     DefTomb4Funct.obj
 0003:00000048       ?DoFlareLight@@3P6AXPAUStrMovePosition@@H@ZA 1001b048     DefTomb4Funct.obj
 0003:0000004c       ?KillActiveBaddies@@3P6AXPAUStrItemTr4@@@ZA 1001b04c     DefTomb4Funct.obj
 0003:00000050       ?AnimateItem@@3P6AXPAUStrItemTr4@@@ZA 1001b050     DefTomb4Funct.obj
 0003:00000054       ?InitialiseCamera@@3P6AXXZA 1001b054     DefTomb4Funct.obj
 0003:00000058       ?SetMapRoom@@3P6AXXZA      1001b058     DefTomb4Funct.obj
 0003:0000005c       ?MoveLaraPosition@@3P6A_NPAUStrMovePosition@@PAUStrItemTr4@@1@ZA 1001b05c     DefTomb4Funct.obj
 0003:00000060       ?TestLaraPosition@@3P6A_NPAUStrTestPosition@@PAUStrItemTr4@@1@ZA 1001b060     DefTomb4Funct.obj
 0003:00000064       ?GetBoundsAccurate@@3P6APAUStrBoxCollisione@@PAUStrItemTr4@@@ZA 1001b064     DefTomb4Funct.obj
 0003:00000068       ?GetStringLength@@3P6AHPADPAF1@ZA 1001b068     DefTomb4Funct.obj
 0003:0000006c       ?freeTr4@@3P6AXPAX@ZA      1001b06c     DefTomb4Funct.obj
 0003:00000070       ?GetFlameTorch@@3P6AXXZA   1001b070     DefTomb4Funct.obj
 0003:00000074       ?SetFogColor@@3P6AXHHH@ZA  1001b074     DefTomb4Funct.obj
 0003:00000078       ?ExplosionFX@@3P6AXXZA     1001b078     DefTomb4Funct.obj
 0003:0000007c       ?ShatterObject@@3P6AXPAXPAUStrMeshInfo@@GGH@ZA 1001b07c     DefTomb4Funct.obj
 0003:00000080       ?S_UpdateInput@@3P6AXXZA   1001b080     DefTomb4Funct.obj
 0003:00000084       ?S_CDStop@@3P6AXXZA        1001b084     DefTomb4Funct.obj
 0003:00000088       ?FlipMap@@3P6AXH@ZA        1001b088     DefTomb4Funct.obj
 0003:0000008c       ?InitialiseSpotCam@@3P6AXG@ZA 1001b08c     DefTomb4Funct.obj
 0003:00000090       ?RefreshCamera@@3P6AXGPAG@ZA 1001b090     DefTomb4Funct.obj
 0003:00000094       ?TestBoundCollide@@3P6A_NPAUStrItemTr4@@0H@ZA 1001b094     DefTomb4Funct.obj
 0003:00000098       ?GetCollidedObjects@@3P6AHPAUStrItemTr4@@H_NQAPAU1@PAUStrMeshInfo@@1@ZA 1001b098     DefTomb4Funct.obj
 0003:0000009c       ?TestBlockPush@@3P6A_NPAUStrItemTr4@@HF@ZA 1001b09c     DefTomb4Funct.obj
 0003:000000a0       ?SetFade@@3P6AXHH@ZA       1001b0a0     DefTomb4Funct.obj
 0003:000000a4       ?BikeCollideStaticObjects@@3P6AXKHKFH@ZA 1001b0a4     DefTomb4Funct.obj
 0003:000000a8       ?BikeBaddieCollision@@3P6AXPAUStrItemTr4@@@ZA 1001b0a8     DefTomb4Funct.obj
 0003:000000ac       ?Splash@@3P6AXPAUStrItemTr4@@@ZA 1001b0ac     DefTomb4Funct.obj
 0003:000000b0       ?GetWaterHeight@@3P6AHKHKF@ZA 1001b0b0     DefTomb4Funct.obj
 0003:000000b4       ?TestTriggers@@3P6AXPAXHH@ZA 1001b0b4     DefTomb4Funct.obj
 0003:000000b8       ?GetBestFrame@@3P6APAUStrBoxCollisione@@PAUStrItemTr4@@@ZA 1001b0b8     DefTomb4Funct.obj
 0003:000000bc       ?sgSaveGame@@3P6AXXZA      1001b0bc     DefTomb4Funct.obj
 0003:000000c0       ?S_InitialisePolyList@@3P6AXXZA 1001b0c0     DefTomb4Funct.obj
 0003:000000c4       ?S_LoadGame@@3P6AXH@ZA     1001b0c4     DefTomb4Funct.obj
 0003:000000c8       ?S_SaveGame@@3P6AXH@ZA     1001b0c8     DefTomb4Funct.obj
 0003:000000cc       ?LaraTestClimbPos@@3P6A_NPAUStrItemTr4@@HHHHPAH@ZA 1001b0cc     DefTomb4Funct.obj
 0003:000000d0       ?lara_col_climbright@@3P6AXPAUStrItemTr4@@PAUStrCollisionLara@@@ZA 1001b0d0     DefTomb4Funct.obj
 0003:000000d4       ?LaraCheckForLetGo@@3P6A_NPAUStrItemTr4@@PAUStrCollisionLara@@@ZA 1001b0d4     DefTomb4Funct.obj
 0003:000000d8       ?LaraClimbRightCornerTest@@3P6AHPAUStrItemTr4@@PAUStrCollisionLara@@@ZA 1001b0d8     DefTomb4Funct.obj
 0003:000000dc       ?LaraClimbLeftCornerTest@@3P6AHPAUStrItemTr4@@PAUStrCollisionLara@@@ZA 1001b0dc     DefTomb4Funct.obj
 0003:000000e0       ?LaraHangRightCornerTest@@3P6AHPAUStrItemTr4@@PAUStrCollisionLara@@@ZA 1001b0e0     DefTomb4Funct.obj
 0003:000000e4       ?LaraHangLeftCornerTest@@3P6AHPAUStrItemTr4@@PAUStrCollisionLara@@@ZA 1001b0e4     DefTomb4Funct.obj
 0003:000000e8       ?CanLaraHangSideways@@3P6A_NPAUStrItemTr4@@PAUStrCollisionLara@@H@ZA 1001b0e8     DefTomb4Funct.obj
 0003:000000ec       ?KillEffect@@3P6AXG@ZA     1001b0ec     DefTomb4Funct.obj
 0003:000000f0       ?AddDisplayPickup@@3P6AXH@ZA 1001b0f0     DefTomb4Funct.obj
 0003:000000f4       ?Draw2DSprite@@3P6AXHHHKH@ZA 1001b0f4     DefTomb4Funct.obj
 0003:000000f8       ?phd_RotY@@3P6AXG@ZA       1001b0f8     DefTomb4Funct.obj
 0003:000000fc       ?TriggerActive@@3P6A_NPAUStrItemTr4@@@ZA 1001b0fc     DefTomb4Funct.obj
 0003:00000100       ?ItemPushLara@@3P6AXPAUStrItemTr4@@0PAUStrCollisionLara@@_NH@ZA 1001b100     DefTomb4Funct.obj
 0003:00000104       ?TriggerExhaustSmoke@@3P6AXKHKGHH@ZA 1001b104     DefTomb4Funct.obj
 0003:00000108       ?AddFire@@3P6AXKHKHGH@ZA   1001b108     DefTomb4Funct.obj
 0003:0000010c       ?TriggerGunSmoke@@3P6AXKHKHHHHHH@ZA 1001b10c     DefTomb4Funct.obj
 0003:00000110       ?GetJointAbsPosition@@3P6AXPAUStrItemTr4@@PAUStrMovePosition@@H@ZA 1001b110     DefTomb4Funct.obj
 0003:00000114       ?GetRandomControl@@3P6AHXZA 1001b114     DefTomb4Funct.obj
 0003:00000118       ?DoBloodSplat@@3P6AXKHKHGG@ZA 1001b118     DefTomb4Funct.obj
 0003:0000011c       ?DoLotsOfBlood@@3P6AXKHKHGGH@ZA 1001b11c     DefTomb4Funct.obj
 0003:00000120       ?GetCeiling@@3P6AHPAXKHK@ZA 1001b120     DefTomb4Funct.obj
 0003:00000124       ?S_OutputPolyList@@3P6AXXZA 1001b124     DefTomb4Funct.obj
 0003:00000128       ?OnTwoBlockPlatform@@3P6A_NPAUStrItemTr4@@KK@ZA 1001b128     DefTomb4Funct.obj
 0003:0000012c       ?SoundStopAllSamples@@3P6AXXZA 1001b12c     DefTomb4Funct.obj
 0003:00000130       ?WinFrameRate@@3P6AHXZA    1001b130     DefTomb4Funct.obj
 0003:00000134       ?ItemNewRoom@@3P6AXHG@ZA   1001b134     DefTomb4Funct.obj
 0003:00000138       ?AddActiveItem@@3P6AXF@ZA  1001b138     DefTomb4Funct.obj
 0003:0000013c       ?SetCutSceneCamera@@3P6AXPAUStrItemTr4@@@ZA 1001b13c     DefTomb4Funct.obj
 0003:00000140       ?AlterFOV@@3P6AXG@ZA       1001b140     DefTomb4Funct.obj
 0003:00000144       ?SetScreenFadeOut@@3P6AXGH@ZA 1001b144     DefTomb4Funct.obj
 0003:00000148       ?SetScreenFadeIn@@3P6AXG@ZA 1001b148     DefTomb4Funct.obj
 0003:0000014c       ?CreatureActive@@3P6A_NF@ZA 1001b14c     DefTomb4Funct.obj
 0003:00000150       ?ScaleCurrentMatrix@@3P6AXPAUStrTripla@@@ZA 1001b150     DefTomb4Funct.obj
 0003:00000154       ?convert_obj_to_invobj@@3P6AHF@ZA 1001b154     DefTomb4Funct.obj
 0003:00000158       ?DrawThreeDeeObject2D@@3P6AXHHHHHHHHH@ZA 1001b158     DefTomb4Funct.obj
 0003:0000015c       ?GetHeight@@3P6AHPAXKHK@ZA 1001b15c     DefTomb4Funct.obj
 0003:00000160       ?GetFloor@@3P6APAXKHKPAF@ZA 1001b160     DefTomb4Funct.obj
 0003:00000164       ?AlterFloorHeight@@3P6AXPAUStrItemTr4@@H@ZA 1001b164     DefTomb4Funct.obj
 0003:00000168       ?CreatureDie@@3P6AXH_N@ZA  1001b168     DefTomb4Funct.obj
 0003:0000016c       ?KillItem@@3P6AXG@ZA       1001b16c     DefTomb4Funct.obj
 0003:00000170       ?TriggerUnderwaterExplosion@@3P6AXPAUStrItemTr4@@_N@ZA 1001b170     DefTomb4Funct.obj
 0003:00000174       ?TriggerExplosionSparks@@3P6AXKHKHHHH@ZA 1001b174     DefTomb4Funct.obj
 0003:00000178       ?DoBar@@3P6AHHHHHHKK@ZA    1001b178     DefTomb4Funct.obj
 0003:0000017c       ?StopAllSounds@@3P6AXXZA   1001b17c     DefTomb4Funct.obj
 0003:00000180       ?IsChannelPlaying@@3P6A_NH@ZA 1001b180     DefTomb4Funct.obj
 0003:00000184       ?StopEffect@@3P6AXH@ZA     1001b184     DefTomb4Funct.obj
 0003:00000188       ?SoundEffect@@3P6AXHPAXH@ZA 1001b188     DefTomb4Funct.obj
 0003:0000018c       ?S_CDPlay@@3P6AXHH@ZA      1001b18c     DefTomb4Funct.obj
 0003:00000190       ?PrintString@@3P6AXHHGPADG@ZA 1001b190     DefTomb4Funct.obj
 0003:00000194       ?LaraBurn@@3P6AXXZA        1001b194     DefTomb4Funct.obj
 0003:00000198       ?BikeExplode@@3P6AXPAUStrItemTr4@@@ZA 1001b198     DefTomb4Funct.obj
 0003:0000019c       ?ControlJeep@@3P6AHF@ZA    1001b19c     DefTomb4Funct.obj
 0003:000001a0       ?ControlSideCar@@3P6AHF@ZA 1001b1a0     DefTomb4Funct.obj
 0003:000001a4       ?MuoviTelecamera@@3P6AHPAXH@ZA 1001b1a4     DefTomb4Funct.obj
 0003:000001a8       ?GestioneTitleEMenu@@3P6AXHH@ZA 1001b1a8     DefTomb4Funct.obj
 0003:000001ac       ?tombRilocaCambiaStanzaDiCamera@@3P6AXH@ZA 1001b1ac     DefTomb4Funct.obj
 0003:000001b0       ?tombCicloPrincipale@@3P6AHHH@ZA 1001b1b0     DefTomb4Funct.obj
 0003:000001b4       ?tombInviaLog@@3P6AXHPAD@ZA 1001b1b4     DefTomb4Funct.obj
 0003:000001b8       ?pcMostraMessaggio@@3P6AXPAD@ZA 1001b1b8     DefTomb4Funct.obj
 0003:000001bc       ?DrawFlash@@3P6AXXZA       1001b1bc     DefTomb4Funct.obj
 0003:000001c0       ?InviaMessaggioLog@@3P6AXHQAD@ZA 1001b1c0     DefTomb4Funct.obj
 0003:000001c4       ?phd_PushMatrix@@3P6AXXZA  1001b1c4     DefTomb4Funct.obj
 0003:000001c8       ?phd_TranslateAbs@@3P6AXKHK@ZA 1001b1c8     DefTomb4Funct.obj
 0003:000001cc       ?phd_RotYXZ@@3P6AXFFF@ZA   1001b1cc     DefTomb4Funct.obj
 0003:000001d0       ?phd_PutPolygons_train@@3P6AXPAUStrMeshTr4@@H@ZA 1001b1d0     DefTomb4Funct.obj
 0003:000001d4       ?GetFreeScarab@@3P6AHXZA   1001b1d4     DefTomb4Funct.obj
 0003:000001d8       ?LOS@@3P6AHPAUGAME_VECTOR@@0@ZA 1001b1d8     DefTomb4Funct.obj
 0003:000001dc       ?mGetAngle@@3P6AHKKKK@ZA   1001b1dc     DefTomb4Funct.obj
 0003:000001e0       ?TriggerSmallSplash@@3P6AXKHKH@ZA 1001b1e0     DefTomb4Funct.obj
 0003:000001e4       ?CreateBubble@@3P6AXPAUStrPosizione@@GHH@ZA 1001b1e4     DefTomb4Funct.obj
 0003:000001e8       ?SetupRipple@@3P6AXKHKHH@ZA 1001b1e8     DefTomb4Funct.obj
 0003:000001ec       ?insert_object_into_list_v2@@3P6AXH@ZA 1001b1ec     DefTomb4Funct.obj
 0003:000001f0       ?AlignLaraPosition@@3P6A_NPAUStrMovePosition@@PAUStrItemTr4@@1@ZA 1001b1f0     DefTomb4Funct.obj
 0003:000001f4       ?GetWaterDepth@@3P6AHKHKF@ZA 1001b1f4     DefTomb4Funct.obj
 0003:000001f8       ?S_GetObjectBounds@@3P6APAHPAUStrBoxCollisione@@@ZA 1001b1f8     DefTomb4Funct.obj
 0003:000001fc       ?ACMSetVolume@@3P6AXXZA    1001b1fc     DefTomb4Funct.obj
 0003:00000200       ?EffettoShockwaveBaboon@@3P6AXPAUStrItemTr4@@@ZA 1001b200     DefTomb4Funct.obj
 0003:00000204       ?ControlMineHelicopter@@3P6AXHPAX@ZA 1001b204     DefTomb4Funct.obj
 0003:00000208       ?DoHarpyEffects@@3P6AXPAUStrItemTr4@@H@ZA 1001b208     DefTomb4Funct.obj
 0003:0000020c       ?TriggerRiseEffect@@3P6AXPAUStrItemTr4@@@ZA 1001b20c     DefTomb4Funct.obj
 0003:00000210       ?DrawSprite@@3P6AXHHHKKK@ZA 1001b210     DefTomb4Funct.obj
 0003:00000214       ?TriggerLightning@@3P6AXPAUStrPosizione@@0EKHHH@ZA 1001b214     DefTomb4Funct.obj
 0003:00000218       ?SubBridgeTilt@@3P6AHPAUStrItemTr4@@KK@ZA 1001b218     DefTomb4Funct.obj
 0003:0000021c       ?GetTiltType@@3P6AGPAXKHK@ZA 1001b21c     DefTomb4Funct.obj
 0003:00000220       ?S_SoundSampleIsPlaying@@3P6A_NG@ZA 1001b220     DefTomb4Funct.obj
 0003:00000224       ?TestCollision@@3P6AKPAUStrItemTr4@@0@ZA 1001b224     DefTomb4Funct.obj
 0003:00000228       ?ObjectOnLOS2@@3P6AHPAUGAME_VECTOR@@0PAUStrPosizione@@PAPAUStrMeshInfo@@@ZA 1001b228     DefTomb4Funct.obj
 0003:0000022c       ?DoSlider@@3P6AXHHHHHKKK@ZA 1001b22c     DefTomb4Funct.obj
 0003:00000230       ?DisableBaddieAI@@3P6AXF@ZA 1001b230     DefTomb4Funct.obj
 0003:00000234       ?EnableBaddieAI@@3P6AHFH@ZA 1001b234     DefTomb4Funct.obj
 0003:000002ac       ?MyTomb4PatcherAddress@@3KA 1001b2ac     PlugIn_AdvancedParticles.obj
 0003:000002b0       ?SubPatchArray@@3PAPAXA    1001b2b0     PlugIn_AdvancedParticles.obj
 0003:000002d8       ?GetRandomDraw@@3P6AJXZA   1001b2d8     Tomb4Discoveries_mine.obj
 0003:000002dc       ?GetSpheres@@3P6AHPAUTr4ItemInfo@@PAUMeshSphere@@H@ZA 1001b2dc     Tomb4Discoveries_mine.obj
 0003:000002e0       ?GetLaraJointPos@@3P6AHPAUphd_vector@@H@ZA 1001b2e0     Tomb4Discoveries_mine.obj
 0003:000002e4       ?phd_GetVectorAngles@@3P6AXHHHPAF@ZA 1001b2e4     Tomb4Discoveries_mine.obj
 0003:000002e8       ?EffectNewRoom@@3P6AXFF@ZA 1001b2e8     Tomb4Discoveries_mine.obj
 0003:000002ec       ?TestTriggersAtXYZ@@3P6AXHHHFHH@ZA 1001b2ec     Tomb4Discoveries_mine.obj
 0003:000002f0       ?GetFreeSpark@@3P6AJXZA    1001b2f0     Tomb4Discoveries_mine.obj
 0003:000002f4       ?TriggerFireFlame@@3P6AXJJJJJ@ZA 1001b2f4     Tomb4Discoveries_mine.obj
 0003:000002f8       ?TriggerShockwave@@3P6AXPAUphd_vector@@HHHH@ZA 1001b2f8     Tomb4Discoveries_mine.obj
 0003:000002fc       ?TriggerBlood@@3P6AXHHHHH@ZA 1001b2fc     Tomb4Discoveries_mine.obj
 0003:00000300       ?UpdateBeetles@@3P6AXXZA   1001b300     Tomb4Discoveries_mine.obj
 0003:00000304       ?UpdateFish@@3P6AXXZA      1001b304     Tomb4Discoveries_mine.obj
 0003:00000308       ?S_DrawSparks@@3P6AXXZA    1001b308     Tomb4Discoveries_mine.obj
 0003:0000030c       ?S_DrawSplashes@@3P6AXXZA  1001b30c     Tomb4Discoveries_mine.obj
 0003:00000310       ?DrawFish@@3P6AXXZA        1001b310     Tomb4Discoveries_mine.obj
 0003:00000314       ?DrawBeetles@@3P6AXXZA     1001b314     Tomb4Discoveries_mine.obj
 0003:00000318       ?DrawRopeList@@3P6AXXZA    1001b318     Tomb4Discoveries_mine.obj
 0003:0000031c       ?DrawBubbles@@3P6AXXZA     1001b31c     Tomb4Discoveries_mine.obj
 0003:00000320       ?DrawDebris@@3P6AXXZA      1001b320     Tomb4Discoveries_mine.obj
 0003:00000324       ?setXY4@@3P6AXPAUD3DTLVERTEX@@JJJJJJJJJPAF@ZA 1001b324     Tomb4Discoveries_mine.obj
 0003:00000328       ?ClipLine@@3P6AJAAJ0J00JJJJJ@ZA 1001b328     Tomb4Discoveries_mine.obj
 0003:0000032c       ?AddQuadSorted@@3PAP6AXPAUD3DTLVERTEX@@FFFFPAUTextureStruct@@J@ZA 1001b32c     Tomb4Discoveries_mine.obj
 0003:00000330       ?AddLineSorted@@3PAP6AXPAUD3DTLVERTEX@@0J@ZA 1001b330     Tomb4Discoveries_mine.obj
 0003:00000334       ?phd_PutPolygons@@3P6AXPAFH@ZA 1001b334     Tomb4Discoveries_mine.obj
 0003:00000380       ___security_cookie         1001b380     MSVCRTD:gs_cookie.obj
 0003:00000384       ___security_cookie_complement 1001b384     MSVCRTD:gs_cookie.obj
 0003:00000388       ?_RTC_ErrorLevels@@3PAHA   1001b388     MSVCRTD:_error_.obj
 0003:0000039c       ___native_dllmain_reason   1001b39c     MSVCRTD:natstart.obj
 0003:000003a0       ___native_vcclrit_reason   1001b3a0     MSVCRTD:natstart.obj
 0003:000004b8       ?nextPart@ParticleFactory@@2HA 1001b4b8     PlugIn_AdvancedParticles.obj
 0003:000004bc       ?effect_timer@@3KA         1001b4bc     PlugIn_AdvancedParticles.obj
 0003:000004c0       ?TexMyPluginName@@3PADA    1001b4c0     PlugIn_AdvancedParticles.obj
 0003:00000510       ?MyData@@3UStrMyData@@A    1001b510     PlugIn_AdvancedParticles.obj
 0003:000014d0       ?partGroups@ParticleFactory@@2PAUParticleGroup@@A 1001c4d0     PlugIn_AdvancedParticles.obj
 0003:000034d0       ?MyDllInstance@@3PAUHINSTANCE__@@A 1001e4d0     PlugIn_AdvancedParticles.obj
 0003:000034d8       ?parts@ParticleFactory@@2PAUParticle@@A 1001e4d8     PlugIn_AdvancedParticles.obj
 0003:0002de80       ?enumCONV@@3UStrEnumCONV@@A 10048e80     trng.obj
 0003:0002deb0       ?enumADD@@3UStrEnumADD@@A  10048eb0     trng.obj
 0003:0002ded0       ?enumENV@@3UStrEnumENV@@A  10048ed0     trng.obj
 0003:0002e01c       ?enumFIL@@3UStrEnumFIL@@A  1004901c     trng.obj
 0003:0002e034       ?TempStaticIndex@@3GA      10049034     trng.obj
 0003:0002e038       ?enumORIENT@@3UStrEnumORIENT@@A 10049038     trng.obj
 0003:0002e058       ?enumSSLOT@@3UStrEnumSSLOT@@A 10049058     trng.obj
 0003:0002e2dc       ?enumD3D@@3UStrEnumD3D@@A  100492dc     trng.obj
 0003:0002e2f4       ?enumMESH@@3UStrEnumMESH@@A 100492f4     trng.obj
 0003:0002e330       ?enumDGX@@3UStrEnumDGX@@A  10049330     trng.obj
 0003:0002e370       ?enumSTRING@@3UStrEnumSTRING@@A 10049370     trng.obj
 0003:0002e3a0       ?enumSRV@@3UStrEnumSRV@@A  100493a0     trng.obj
 0003:0002e494       ?enumIRET@@3UStrEnumIRET@@A 10049494     trng.obj
 0003:0002e4a0       ?COLLIDE@@3UStrCollisionLast@@A 100494a0     trng.obj
 0003:0002e4dc       ?enumLLF@@3UStrEnumLLF@@A  100494dc     trng.obj
 0003:0002e4f0       ?enumSLEV@@3UStrEnumSLEV@@A 100494f0     trng.obj
 0003:0002e530       ?LOF@@3UStrLOFData@@A      10049530     trng.obj
 0003:0002e568       ?enumFL@@3UStrEnumFL@@A    10049568     trng.obj
 0003:0002e584       ?enumRIB@@3UStrEnumRIB@@A  10049584     trng.obj
 0003:0002e5b8       ?FIND@@3UStrFind@@A        100495b8     trng.obj
 0003:0002fa68       ?enumFL2@@3UStrEnumFL2@@A  1004aa68     trng.obj
 0003:0002fa84       ?enumFT@@3UStrEnumFT@@A    1004aa84     trng.obj
 0003:0002faa4       ?enumCBT@@3UStrEnumCBT@@A  1004aaa4     trng.obj
 0003:0002fac0       ?enumHOLD@@3UStrEnumHOLD@@A 1004aac0     trng.obj
 0003:0002fb04       ?enumSKIP@@3UStrEnumSKIP@@A 1004ab04     trng.obj
 0003:0002fb30       ?enumEX16@@3UStrEnumEX16@@A 1004ab30     trng.obj
 0003:0002fb70       ?FLOOR@@3UStrFloorAnalyse@@A 1004ab70     trng.obj
 0003:0002fbbc       ?enumPRET@@3UStrEnumPRET@@A 1004abbc     trng.obj
 0003:0002fbc8       ?enumSLOT@@3UStrEnumSLOT@@A 1004abc8     trng.obj
 0003:000303ec       ?Trng@@3UStrTrngInfos@@A   1004b3ec     trng.obj
 0003:00030420       ?BufferLog@@3PADA          1004b420     trng.obj
 0003:00031420       ?enumMEMT@@3UStrEnumMEMT@@A 1004c420     trng.obj
 0003:00031438       ?TempRoomIndex@@3GA        1004c438     trng.obj
 0003:0003143c       ?enumEDGX@@3UStrEnumEDGX@@A 1004c43c     trng.obj
 0003:0003145c       ?enumSLOPE@@3UStrEnumSLOPE@@A 1004c45c     trng.obj
 0003:00031470       ?enumCMD@@3UStrEnumCMD@@A  1004c470     trng.obj
 0003:000314c8       ?enumPCOMBO@@3UStrEnumPCOMBO@@A 1004c4c8     trng.obj
 0003:00031508       ?enumFAN@@3UStrEnumFAN@@A  1004c508     trng.obj
 0003:0003156c       ?enumFROOM@@3UStrEnumFROOM@@A 1004c56c     trng.obj
 0003:000315a0       ?GET@@3UStrGetLocator@@A   1004c5a0     trng.obj
 0003:000317f4       ?enumSRET@@3UStrEnumSRET@@A 1004c7f4     trng.obj
 0003:00031800       ?enumCOMBO@@3UStrEnumCOMBO@@A 1004c800     trng.obj
 0003:00031840       ?enumCB@@3UStrEnumCB@@A    1004c840     trng.obj
 0003:0003191c       ?enumFTS@@3UStrEnumFTS@@A  1004c91c     trng.obj
 0003:00031930       ?enumKCOMBO@@3UStrEnumKCOMBO@@A 1004c930     trng.obj
 0003:00031970       ?enumTRET@@3UStrEnumTRET@@A 1004c970     trng.obj
 0003:00031980       ?enumGET@@3UStrEnumGET@@A  1004c980     trng.obj
 0003:000319f4       ?enumSCANF@@3UStrEnumSCANF@@A 1004c9f4     trng.obj
 0003:00031a14       ?enumSC@@3UStrEnumSC@@A    1004ca14     trng.obj
 0003:00031a30       ?enumWSKIN@@3UStrEnumWSKIN@@A 1004ca30     trng.obj
 0003:00031a44       ?enumCBEET@@3UStrEnumCBEET@@A 1004ca44     trng.obj
 0003:00031a50       ?enumFITEM@@3UStrEnumFITEM@@A 1004ca50     trng.obj
 0003:00031a90       ?enumJOINT@@3UStrEnumJOINT@@A 1004ca90     trng.obj
 0003:00031ac8       ?enumFLH@@3UStrEnumFLH@@A  1004cac8     trng.obj
 0003:00031adc       ?enumCTRET@@3UStrEnumCTRET@@A 1004cadc     trng.obj
 0003:00031afc       ?enumAPPC@@3UStrEnumAPPC@@A 1004cafc     trng.obj
 0003:00031b38       ?enumFIND@@3UStrEnumFIND@@A 1004cb38     trng.obj
 0003:00031b7c       ?enumCPU@@3UStrEnumCPU@@A  1004cb7c     trng.obj
 0003:00031b8c       ?enumWTF@@3UStrEnumWTF@@A  1004cb8c     trng.obj
 0003:00031bb0       ?enumSMAIN@@3UStrEnumSMAIN@@A 1004cbb0     trng.obj
 0003:00031bc4       ?enumFC@@3UStrEnumFC@@A    1004cbc4     trng.obj
 0003:00031be4       ?enumDENV@@3UStrEnumDENV@@A 1004cbe4     trng.obj
 0003:00031bf4       ?enumCOLF@@3UStrEnumCOLF@@A 1004cbf4     trng.obj
 0003:00031bfc       ?enumFSLOT@@3UStrEnumFSLOT@@A 1004cbfc     trng.obj
 0003:00031c30       ?enumFWEAP@@3UStrEnumFWEAP@@A 1004cc30     trng.obj
 0003:00031c44       ?enumPHASE@@3UStrEnumPHASE@@A 1004cc44     trng.obj
 0003:00031c6c       ?enumSAVT@@3UStrEnumSAVT@@A 1004cc6c     trng.obj
 0003:00033040       ?wsprintffp@@3P6AHPADPBDZZA 1004e040     MSVCRTD:_error_.obj
 0003:0003337c       ?__type_info_root_node@@3U__type_info_node@@A 1004e37c     MSVCRTD:tncleanup.obj
 0003:00033384       ___native_startup_state    1004e384     <common>
 0003:00033394       ___native_startup_lock     1004e394     <common>
 0003:00033398       ___onexitend               1004e398     <common>
 0003:000333a8       ___onexitbegin             1004e3a8     <common>
 0003:000333ac       ___sse2_available          1004e3ac     <common>
 0003:000333b8       ___dyn_tls_init_callback   1004e3b8     <common>
 0004:00000000       __IMPORT_DESCRIPTOR_USER32 1004f000     user32:USER32.dll
 0004:00000014       __IMPORT_DESCRIPTOR_MSVCR100D 1004f014     MSVCRTD:MSVCR100D.dll
 0004:00000028       __IMPORT_DESCRIPTOR_KERNEL32 1004f028     kernel32:KERNEL32.dll
 0004:0000003c       __NULL_IMPORT_DESCRIPTOR   1004f03c     user32:USER32.dll
 0004:0000020c       __imp__GetSystemTimeAsFileTime@4 1004f20c     kernel32:KERNEL32.dll
 0004:00000210       __imp__GetCurrentThreadId@0 1004f210     kernel32:KERNEL32.dll
 0004:00000214       __imp__GetTickCount@0      1004f214     kernel32:KERNEL32.dll
 0004:00000218       __imp__QueryPerformanceCounter@4 1004f218     kernel32:KERNEL32.dll
 0004:0000021c       __imp__FreeLibrary@4       1004f21c     kernel32:KERNEL32.dll
 0004:00000220       __imp__VirtualQuery@12     1004f220     kernel32:KERNEL32.dll
 0004:00000224       __imp__GetModuleFileNameW@12 1004f224     kernel32:KERNEL32.dll
 0004:00000228       __imp__GetProcessHeap@0    1004f228     kernel32:KERNEL32.dll
 0004:0000022c       __imp__HeapAlloc@12        1004f22c     kernel32:KERNEL32.dll
 0004:00000230       __imp__HeapFree@12         1004f230     kernel32:KERNEL32.dll
 0004:00000234       __imp__SetUnhandledExceptionFilter@4 1004f234     kernel32:KERNEL32.dll
 0004:00000238       __imp__UnhandledExceptionFilter@4 1004f238     kernel32:KERNEL32.dll
 0004:0000023c       __imp__GetCurrentProcess@0 1004f23c     kernel32:KERNEL32.dll
 0004:00000240       __imp__TerminateProcess@8  1004f240     kernel32:KERNEL32.dll
 0004:00000244       __imp__IsProcessorFeaturePresent@4 1004f244     kernel32:KERNEL32.dll
 0004:00000248       __imp__InterlockedCompareExchange@12 1004f248     kernel32:KERNEL32.dll
 0004:0000024c       __imp__Sleep@4             1004f24c     kernel32:KERNEL32.dll
 0004:00000250       __imp__InterlockedExchange@8 1004f250     kernel32:KERNEL32.dll
 0004:00000254       __imp__DecodePointer@4     1004f254     kernel32:KERNEL32.dll
 0004:00000258       __imp__EncodePointer@4     1004f258     kernel32:KERNEL32.dll
 0004:0000025c       __imp__LoadLibraryW@4      1004f25c     kernel32:KERNEL32.dll
 0004:00000260       __imp__GetProcAddress@8    1004f260     kernel32:KERNEL32.dll
 0004:00000264       __imp__lstrlenA@4          1004f264     kernel32:KERNEL32.dll
 0004:00000268       __imp__RaiseException@16   1004f268     kernel32:KERNEL32.dll
 0004:0000026c       __imp__MultiByteToWideChar@24 1004f26c     kernel32:KERNEL32.dll
 0004:00000270       __imp__IsDebuggerPresent@0 1004f270     kernel32:KERNEL32.dll
 0004:00000274       __imp__WideCharToMultiByte@32 1004f274     kernel32:KERNEL32.dll
 0004:00000278       __imp__GetCurrentProcessId@0 1004f278     kernel32:KERNEL32.dll
 0004:0000027c       \177KERNEL32_NULL_THUNK_DATA 1004f27c     kernel32:KERNEL32.dll
 0004:000002bc       __imp___amsg_exit          1004f2bc     MSVCRTD:MSVCR100D.dll
 0004:000002c0       __imp____CppXcptFilter     1004f2c0     MSVCRTD:MSVCR100D.dll
 0004:000002c4       __imp___crt_debugger_hook  1004f2c4     MSVCRTD:MSVCR100D.dll
 0004:000002c8       __imp___initterm_e         1004f2c8     MSVCRTD:MSVCR100D.dll
 0004:000002cc       __imp___stricmp            1004f2cc     MSVCRTD:MSVCR100D.dll
 0004:000002cc       __imp__strcmpi             1004f2cc     MSVCRTD:MSVCR100D.dll
 0004:000002d0       __imp___unlock             1004f2d0     MSVCRTD:MSVCR100D.dll
 0004:000002d4       __imp____dllonexit         1004f2d4     MSVCRTD:MSVCR100D.dll
 0004:000002d8       __imp___lock               1004f2d8     MSVCRTD:MSVCR100D.dll
 0004:000002dc       __imp___onexit             1004f2dc     MSVCRTD:MSVCR100D.dll
 0004:000002e0       __imp___initterm           1004f2e0     MSVCRTD:MSVCR100D.dll
 0004:000002e4       __imp___CrtSetCheckCount   1004f2e4     MSVCRTD:MSVCR100D.dll
 0004:000002e8       __imp___encoded_null       1004f2e8     MSVCRTD:MSVCR100D.dll
 0004:000002ec       __imp___free_dbg           1004f2ec     MSVCRTD:MSVCR100D.dll
 0004:000002f0       __imp___malloc_dbg         1004f2f0     MSVCRTD:MSVCR100D.dll
 0004:000002f4       __imp___CRT_RTC_INITW      1004f2f4     MSVCRTD:MSVCR100D.dll
 0004:000002f8       __imp__fopen               1004f2f8     MSVCRTD:MSVCR100D.dll
 0004:000002fc       __imp__fclose              1004f2fc     MSVCRTD:MSVCR100D.dll
 0004:00000300       __imp__fread               1004f300     MSVCRTD:MSVCR100D.dll
 0004:00000304       __imp__free                1004f304     MSVCRTD:MSVCR100D.dll
 0004:00000308       __imp___stat64i32          1004f308     MSVCRTD:MSVCR100D.dll
 0004:0000030c       __imp__fseek               1004f30c     MSVCRTD:MSVCR100D.dll
 0004:00000310       __imp__ftell               1004f310     MSVCRTD:MSVCR100D.dll
 0004:00000314       __imp__realloc             1004f314     MSVCRTD:MSVCR100D.dll
 0004:00000318       __imp__malloc              1004f318     MSVCRTD:MSVCR100D.dll
 0004:0000031c       __imp__strcpy              1004f31c     MSVCRTD:MSVCR100D.dll
 0004:00000320       __imp__memset              1004f320     MSVCRTD:MSVCR100D.dll
 0004:00000324       __imp__vsprintf            1004f324     MSVCRTD:MSVCR100D.dll
 0004:00000328       __imp__abs                 1004f328     MSVCRTD:MSVCR100D.dll
 0004:0000032c       __imp__memcpy              1004f32c     MSVCRTD:MSVCR100D.dll
 0004:00000330       __imp__acos                1004f330     MSVCRTD:MSVCR100D.dll
 0004:00000334       __imp__sqrt                1004f334     MSVCRTD:MSVCR100D.dll
 0004:00000338       __imp__fabs                1004f338     MSVCRTD:MSVCR100D.dll
 0004:0000033c       __imp__sin                 1004f33c     MSVCRTD:MSVCR100D.dll
 0004:00000340       __imp__cos                 1004f340     MSVCRTD:MSVCR100D.dll
 0004:00000344       __imp__fmod                1004f344     MSVCRTD:MSVCR100D.dll
 0004:00000348       __imp___except_handler4_common 1004f348     MSVCRTD:MSVCR100D.dll
 0004:0000034c       __imp____clean_type_info_names_internal 1004f34c     MSVCRTD:MSVCR100D.dll
 0004:00000350       \177MSVCR100D_NULL_THUNK_DATA 1004f350     MSVCRTD:MSVCR100D.dll
 0004:00000398       __imp__MessageBoxA@16      1004f398     user32:USER32.dll
 0004:0000039c       \177USER32_NULL_THUNK_DATA 1004f39c     user32:USER32.dll

 entry point at        0001:000137f0

